[INFO] Scanning for projects...
[INFO] 
[INFO] -------------------< com.tripnest:tripnest-backend >--------------------
[INFO] Building  0.0.1-SNAPSHOT
[INFO]   from pom.xml
[INFO] --------------------------------[ jar ]---------------------------------
[INFO] 
[INFO] >>> spring-boot:4.1.0:run (default-cli) > test-compile @ tripnest-backend >>>
[INFO] 
[INFO] --- resources:3.5.0:resources (default-resources) @ tripnest-backend ---
[INFO] Copying 2 resources from src\main\resources to target\classes
[INFO] Copying 0 resource from src\main\resources to target\classes
[INFO] 
[INFO] --- compiler:3.15.0:compile (default-compile) @ tripnest-backend ---
[INFO] Nothing to compile - all classes are up to date.
[INFO] 
[INFO] --- resources:3.5.0:testResources (default-testResources) @ tripnest-backend ---
[INFO] Not copying test resources
[INFO] 
[INFO] --- compiler:3.15.0:testCompile (default-testCompile) @ tripnest-backend ---
[INFO] Not compiling test sources
[INFO] 
[INFO] <<< spring-boot:4.1.0:run (default-cli) < test-compile @ tripnest-backend <<<
[INFO] 
[INFO] 
[INFO] --- spring-boot:4.1.0:run (default-cli) @ tripnest-backend ---
Downloading from central: https://repo.maven.apache.org/maven2/org/springframework/boot/spring-boot-buildpack-platform/4.1.0/spring-boot-buildpack-platform-4.1.0.pom
Downloading from central: https://repo.maven.apache.org/maven2/org/springframework/boot/spring-boot-loader-tools/4.1.0/spring-boot-loader-tools-4.1.0.pom
Downloading from central: https://repo.maven.apache.org/maven2/org/apache/maven/shared/maven-common-artifact-filters/3.4.0/maven-common-artifact-filters-3.4.0.pom
Downloading from central: https://repo.maven.apache.org/maven2/commons-logging/commons-logging/1.3.5/commons-logging-1.3.5.pom
Downloading from central: https://repo.maven.apache.org/maven2/io/micrometer/micrometer-observation/1.16.6/micrometer-observation-1.16.6.pom
Downloading from central: https://repo.maven.apache.org/maven2/org/apache/maven/plugins/maven-shade-plugin/3.6.0/maven-shade-plugin-3.6.0.pom
[INFO] ------------------------------------------------------------------------
[INFO] BUILD FAILURE
[INFO] ------------------------------------------------------------------------
[INFO] Total time:  10.894 s
[INFO] Finished at: 2026-09-07T02:24:34+05:30
[INFO] ------------------------------------------------------------------------
[ERROR] Failed to execute goal org.springframework.boot:spring-boot-maven-plugin:4.1.0:run (default-cli) on project tripnest-backend: Execution default-cli of goal org.springframework.boot:spring-boot-maven-plugin:4.1.0:run failed: Plugin org.springframework.boot:spring-boot-maven-plugin:4.1.0 or one of its dependencies could not be resolved:
[ERROR] 	Failed to read artifact descriptor for org.springframework.boot:spring-boot-buildpack-platform:jar:4.1.0
[ERROR] 	Failed to read artifact descriptor for org.springframework.boot:spring-boot-loader-tools:jar:4.1.0
[ERROR] 	Failed to read artifact descriptor for org.apache.maven.shared:maven-common-artifact-filters:jar:3.4.0
[ERROR] 	Failed to read artifact descriptor for commons-logging:commons-logging:jar:1.3.5
[ERROR] 	Failed to read artifact descriptor for io.micrometer:micrometer-observation:jar:1.16.6
[ERROR] 	Failed to read artifact descriptor for org.apache.maven.plugins:maven-shade-plugin:jar:3.6.0
[ERROR] 
[ERROR] -> [Help 1]
[ERROR] 
[ERROR] To see the full stack trace of the errors, re-run Maven with the -e switch.
[ERROR] Re-run Maven using the -X switch to enable full debug logging.
[ERROR] 
[ERROR] For more information about the errors and possible solutions, please read the following articles:
[ERROR] [Help 1] http://cwiki.apache.org/confluence/display/MAVEN/PluginResolutionException
